[INFO] Scanning for projects...
[INFO] 
[INFO] ---------------------< com.warehouse:digitaltwin >----------------------
[INFO] Building digitaltwin 0.0.1-SNAPSHOT
[INFO]   from pom.xml
[INFO] --------------------------------[ jar ]---------------------------------
[INFO] 
[INFO] --- clean:3.5.0:clean (default-clean) @ digitaltwin ---
[INFO] Deleting C:\GaldusSDAI\SDAI-Sacchi\digita-twin-warehouse\backend\target
[INFO] 
[INFO] --- resources:3.3.1:resources (default-resources) @ digitaltwin ---
[INFO] Copying 1 resource from src\main\resources to target\classes
[INFO] Copying 0 resource from src\main\resources to target\classes
[INFO] 
[INFO] --- compiler:3.14.1:compile (default-compile) @ digitaltwin ---
[INFO] Recompiling the module because of changed source code.
[INFO] Compiling 36 source files with javac [debug parameters release 17] to target\classes
./mvnw : WARNING: A terminally 
deprecated method in sun.misc.Unsafe 
has been called
At line:1 char:1
+ ./mvnw clean compile -B > 
compile_errors.log 2>&1
+ ~~~~~~~~~~~~~~~~~~~~~~~~~~~~~~~~~~~~~
~~~~~~~~~~~~
    + CategoryInfo          : NotSpeci 
   fied: (WARNING: A term...has been   
  called:String) [], RemoteException
    + FullyQualifiedErrorId : NativeCo 
   mmandError
 
WARNING: 
sun.misc.Unsafe::objectFieldOffset has 
been called by lombok.permit.Permit
WARNING: Please consider reporting 
this to the maintainers of class 
lombok.permit.Permit
WARNING: 
sun.misc.Unsafe::objectFieldOffset 
will be removed in a future release
[INFO] -------------------------------------------------------------
[ERROR] COMPILATION ERROR : 
[INFO] -------------------------------------------------------------
[ERROR] /C:/GaldusSDAI/SDAI-Sacchi/digita-twin-warehouse/backend/src/main/java/com/warehouse/digitaltwin/application/services/EventLoggerService.java:[3,34] package com.fasterxml.jackson.core does not exist
[ERROR] /C:/GaldusSDAI/SDAI-Sacchi/digita-twin-warehouse/backend/src/main/java/com/warehouse/digitaltwin/application/services/EventLoggerService.java:[4,38] package com.fasterxml.jackson.databind does not exist
[ERROR] /C:/GaldusSDAI/SDAI-Sacchi/digita-twin-warehouse/backend/src/main/java/com/warehouse/digitaltwin/application/services/EventLoggerService.java:[21,19] cannot find symbol
  symbol:   class ObjectMapper
  location: class com.warehouse.digitaltwin.application.services.EventLoggerService
[ERROR] /C:/GaldusSDAI/SDAI-Sacchi/digita-twin-warehouse/backend/src/main/java/com/warehouse/digitaltwin/application/services/EventLoggerService.java:[17,1] cannot find symbol
  symbol:   class ObjectMapper
  location: class com.warehouse.digitaltwin.application.services.EventLoggerService
[INFO] 4 errors 
[INFO] -------------------------------------------------------------
[INFO] ------------------------------------------------------------------------
[INFO] BUILD FAILURE
[INFO] ------------------------------------------------------------------------
[INFO] Total time:  6.408 s
[INFO] Finished at: 2026-02-24T10:00:39+01:00
[INFO] ------------------------------------------------------------------------
[ERROR] Failed to execute goal org.apache.maven.plugins:maven-compiler-plugin:3.14.1:compile (default-compile) on project digitaltwin: Compilation failure: Compilation failure: 
[ERROR] /C:/GaldusSDAI/SDAI-Sacchi/digita-twin-warehouse/backend/src/main/java/com/warehouse/digitaltwin/application/services/EventLoggerService.java:[3,34] package com.fasterxml.jackson.core does not exist
[ERROR] /C:/GaldusSDAI/SDAI-Sacchi/digita-twin-warehouse/backend/src/main/java/com/warehouse/digitaltwin/application/services/EventLoggerService.java:[4,38] package com.fasterxml.jackson.databind does not exist
[ERROR] /C:/GaldusSDAI/SDAI-Sacchi/digita-twin-warehouse/backend/src/main/java/com/warehouse/digitaltwin/application/services/EventLoggerService.java:[21,19] cannot find symbol
[ERROR]   symbol:   class ObjectMapper
[ERROR]   location: class com.warehouse.digitaltwin.application.services.EventLoggerService
[ERROR] /C:/GaldusSDAI/SDAI-Sacchi/digita-twin-warehouse/backend/src/main/java/com/warehouse/digitaltwin/application/services/EventLoggerService.java:[17,1] cannot find symbol
[ERROR]   symbol:   class ObjectMapper
[ERROR]   location: class com.warehouse.digitaltwin.application.services.EventLoggerService
[ERROR] -> [Help 1]
[ERROR] 
[ERROR] To see the full stack trace of the errors, re-run Maven with the -e switch.
[ERROR] Re-run Maven using the -X switch to enable full debug logging.
[ERROR] 
[ERROR] For more information about the errors and possible solutions, please read the following articles:
[ERROR] [Help 1] http://cwiki.apache.org/confluence/display/MAVEN/MojoFailureException
